
Memory Configuration

Name             Origin             Length             Attributes
FLASH            0x08000000         0x00020000         xr
SRAM             0x20000000         0x00005000         xrw
*default*        0x00000000         0xffffffff

Linker script and memory map


.text           0x08000000      0x278
 *(.vectors)
 .vectors       0x08000000       0x10 startup.o
                0x08000000                vector
 startup.o(.text)
 .text          0x08000010       0x90 startup.o
                0x08000010                RESET_HANDLER
                0x08000094                H_fault_HANDLER
                0x08000094                DEFULT_HANDLER
                0x08000094                NMI_HANDLER
 *(.text)
 .text          0x080000a0       0x28 LED.o
                0x080000a0                LED_Init
                0x080000ac                LED_ON
                0x080000ba                LED_OFF
 .text          0x080000c8       0x44 PS.o
                0x080000c8                PS_init
                0x080000d4                PS_READ
 .text          0x0800010c       0x70 alarm.o
                0x0800010c                PS_SEND
                0x08000148                ALARM_ON
                0x08000170                ALARM_OFF
 .text          0x0800017c       0xc4 driver.o
                0x0800017c                Delay
                0x0800019e                getPressureVal
                0x080001b4                Set_Alarm_actuator
                0x080001f0                GPIO_INITIALIZATION
 .text          0x08000240       0x38 main.o
                0x08000240                main
 *(.rodata)
                0x08000278                        E_text = .

.glue_7         0x08000278        0x0
 .glue_7        0x08000278        0x0 linker stubs

.glue_7t        0x08000278        0x0
 .glue_7t       0x08000278        0x0 linker stubs

.vfp11_veneer   0x08000278        0x0
 .vfp11_veneer  0x08000278        0x0 linker stubs

.v4_bx          0x08000278        0x0
 .v4_bx         0x08000278        0x0 linker stubs

.iplt           0x08000278        0x0
 .iplt          0x08000278        0x0 startup.o

.rel.dyn        0x08000278        0x0
 .rel.iplt      0x08000278        0x0 startup.o

.data           0x20000000        0x4 load address 0x08000278
                0x20000000                        S_data = .
 *(.data)
 .data          0x20000000        0x0 startup.o
 .data          0x20000000        0x0 LED.o
 .data          0x20000000        0x0 PS.o
 .data          0x20000000        0x4 alarm.o
                0x20000000                threshold
 .data          0x20000004        0x0 driver.o
 .data          0x20000004        0x0 main.o
                0x20000004                        . = ALIGN (0x4)
                0x20000004                        E_data = .

.igot.plt       0x20000004        0x0 load address 0x0800027c
 .igot.plt      0x20000004        0x0 startup.o

.bss            0x20000004     0x200c load address 0x0800027c
                0x20000004                        S_bss = .
 *(.bss)
 .bss           0x20000004        0x0 startup.o
 .bss           0x20000004        0x0 LED.o
 .bss           0x20000004        0x8 PS.o
                0x20000004                pressure_level
                0x20000008                PS_STATE
 .bss           0x2000000c        0x4 alarm.o
                0x2000000c                ALARM_STATE
 .bss           0x20000010        0x0 driver.o
 .bss           0x20000010        0x0 main.o
                0x20000010                        . = ALIGN (0x4)
                0x20000010                        E_bss = .
                0x20002010                        . = (. + 0x2000)
 *fill*         0x20000010     0x2000 
                0x20002010                        STACK_TOP = .
LOAD LED.o
LOAD PS.o
LOAD alarm.o
LOAD driver.o
LOAD main.o
LOAD startup.o
OUTPUT(first_project.elf elf32-littlearm)
LOAD linker stubs

.debug_info     0x00000000      0x6ea
 .debug_info    0x00000000      0x19f startup.o
 .debug_info    0x0000019f       0xe0 LED.o
 .debug_info    0x0000027f      0x127 PS.o
 .debug_info    0x000003a6      0x135 alarm.o
 .debug_info    0x000004db      0x112 driver.o
 .debug_info    0x000005ed       0xfd main.o

.debug_abbrev   0x00000000      0x419
 .debug_abbrev  0x00000000       0xd7 startup.o
 .debug_abbrev  0x000000d7       0x8e LED.o
 .debug_abbrev  0x00000165       0xae PS.o
 .debug_abbrev  0x00000213       0xc4 alarm.o
 .debug_abbrev  0x000002d7       0xc3 driver.o
 .debug_abbrev  0x0000039a       0x7f main.o

.debug_loc      0x00000000      0x390
 .debug_loc     0x00000000       0x7c startup.o
 .debug_loc     0x0000007c       0x9c LED.o
 .debug_loc     0x00000118       0x58 PS.o
 .debug_loc     0x00000170       0xb4 alarm.o
 .debug_loc     0x00000224      0x140 driver.o
 .debug_loc     0x00000364       0x2c main.o

.debug_aranges  0x00000000       0xc0
 .debug_aranges
                0x00000000       0x20 startup.o
 .debug_aranges
                0x00000020       0x20 LED.o
 .debug_aranges
                0x00000040       0x20 PS.o
 .debug_aranges
                0x00000060       0x20 alarm.o
 .debug_aranges
                0x00000080       0x20 driver.o
 .debug_aranges
                0x000000a0       0x20 main.o

.debug_line     0x00000000      0x393
 .debug_line    0x00000000       0xb8 startup.o
 .debug_line    0x000000b8       0x50 LED.o
 .debug_line    0x00000108       0x59 PS.o
 .debug_line    0x00000161       0x7d alarm.o
 .debug_line    0x000001de      0x146 driver.o
 .debug_line    0x00000324       0x6f main.o

.debug_str      0x00000000      0x24d
 .debug_str     0x00000000      0x15f startup.o
                                0x19a (size before relaxing)
 .debug_str     0x0000015f       0x51 LED.o
                                0x153 (size before relaxing)
 .debug_str     0x000001b0       0x4a PS.o
                                0x16c (size before relaxing)
 .debug_str     0x000001fa       0x31 alarm.o
                                0x16b (size before relaxing)
 .debug_str     0x0000022b       0x1b driver.o
                                0x16e (size before relaxing)
 .debug_str     0x00000246        0x7 main.o
                                0x152 (size before relaxing)

.comment        0x00000000       0x55
 .comment       0x00000000       0x55 startup.o
                                 0x56 (size before relaxing)
 .comment       0x00000055       0x56 LED.o
 .comment       0x00000055       0x56 PS.o
 .comment       0x00000055       0x56 alarm.o
 .comment       0x00000055       0x56 driver.o
 .comment       0x00000055       0x56 main.o

.ARM.attributes
                0x00000000       0x2d
 .ARM.attributes
                0x00000000       0x2d startup.o
 .ARM.attributes
                0x0000002d       0x2d LED.o
 .ARM.attributes
                0x0000005a       0x2d PS.o
 .ARM.attributes
                0x00000087       0x2d alarm.o
 .ARM.attributes
                0x000000b4       0x2d driver.o
 .ARM.attributes
                0x000000e1       0x2d main.o

.debug_frame    0x00000000      0x23c
 .debug_frame   0x00000000       0x50 startup.o
 .debug_frame   0x00000050       0x68 LED.o
 .debug_frame   0x000000b8       0x48 PS.o
 .debug_frame   0x00000100       0x70 alarm.o
 .debug_frame   0x00000170       0xa0 driver.o
 .debug_frame   0x00000210       0x2c main.o
