
Memory Configuration

Name             Origin             Length             Attributes
flash            0x00000000         0x20000000         xr
sram             0x20000000         0x20000000         xrw
*default*        0x00000000         0xffffffff

Linker script and memory map


.text           0x00000000      0x118
 *(.vectors*)
 .vectors       0x00000000       0x1c startup.o
                0x00000000                p_vectors
 *(.text)
 .text          0x0000001c       0x90 startup.o
                0x0000001c                Rest_Handler
                0x000000a0                Bus_Fault_Handler
                0x000000a0                H_Fault_Handler
                0x000000a0                Default_Handler
                0x000000a0                Usage_Fault_Handler
                0x000000a0                MM_Handler
                0x000000a0                NMI_Handler
 .text          0x000000ac       0x6c main.o
                0x000000ac                main
 *(.rodata)
                0x00000118                        E_text = .

.glue_7         0x00000118        0x0
 .glue_7        0x00000118        0x0 linker stubs

.glue_7t        0x00000118        0x0
 .glue_7t       0x00000118        0x0 linker stubs

.vfp11_veneer   0x00000118        0x0
 .vfp11_veneer  0x00000118        0x0 linker stubs

.v4_bx          0x00000118        0x0
 .v4_bx         0x00000118        0x0 linker stubs

.iplt           0x00000118        0x0
 .iplt          0x00000118        0x0 startup.o

.rel.dyn        0x00000118        0x0
 .rel.iplt      0x00000118        0x0 startup.o

.data           0x20000000        0x0 load address 0x00000118
                0x20000000                        S_data = .
 *(.data)
 .data          0x20000000        0x0 startup.o
 .data          0x20000000        0x0 main.o
                0x20000000                        . = ALIGN (0x4)
                0x20000000                        E_data = .

.igot.plt       0x20000000        0x0 load address 0x00000118
 .igot.plt      0x20000000        0x0 startup.o

.bss            0x20000000      0x400 load address 0x00000118
                0x20000000                        S_bss = .
 *(.bss)
 .bss           0x20000000      0x400 startup.o
 .bss           0x20000400        0x0 main.o
                0x20000400                        . = ALIGN (0x4)
                0x20000400                        E_bss = .
LOAD startup.o
LOAD main.o
OUTPUT(Lab3.elf elf32-littlearm)
LOAD linker stubs

.debug_info     0x00000000      0x2cc
 .debug_info    0x00000000      0x1fc startup.o
 .debug_info    0x000001fc       0xd0 main.o

.debug_abbrev   0x00000000      0x179
 .debug_abbrev  0x00000000      0x10c startup.o
 .debug_abbrev  0x0000010c       0x6d main.o

.debug_loc      0x00000000       0xb4
 .debug_loc     0x00000000       0x7c startup.o
 .debug_loc     0x0000007c       0x38 main.o

.debug_aranges  0x00000000       0x40
 .debug_aranges
                0x00000000       0x20 startup.o
 .debug_aranges
                0x00000020       0x20 main.o

.debug_line     0x00000000      0x131
 .debug_line    0x00000000       0xb6 startup.o
 .debug_line    0x000000b6       0x7b main.o

.debug_str      0x00000000      0x194
 .debug_str     0x00000000      0x17d startup.o
                                0x1c4 (size before relaxing)
 .debug_str     0x0000017d       0x17 main.o
                                0x156 (size before relaxing)

.comment        0x00000000       0x55
 .comment       0x00000000       0x55 startup.o
                                 0x56 (size before relaxing)
 .comment       0x00000055       0x56 main.o

.ARM.attributes
                0x00000000       0x2e
 .ARM.attributes
                0x00000000       0x2e startup.o
 .ARM.attributes
                0x0000002e       0x2e main.o

.debug_frame    0x00000000       0x7c
 .debug_frame   0x00000000       0x50 startup.o
 .debug_frame   0x00000050       0x2c main.o
