
Memory Configuration

Name             Origin             Length             Attributes
flash            0x08000000         0x00020000         xr
sram             0x20000000         0x00005000         xrw
*default*        0x00000000         0xffffffff

Linker script and memory map


.text           0x08000000      0x128
 *(.vectors*)
 .vectors       0x08000000       0x1c startup.o
                0x08000000                vectors
 *(.text)
 .text          0x0800001c       0x90 startup.o
                0x0800001c                Rest_Handler
                0x080000a0                Bus_Fault_Handler
                0x080000a0                H_Fault_Handler
                0x080000a0                Default_Handler
                0x080000a0                Usage_Fault_Handler
                0x080000a0                MM_Handler
                0x080000a0                NMI_Handler
 .text          0x080000ac       0x7c app.o
                0x080000ac                main
 *(.rodata)
                0x08000128                        E_text = .

.glue_7         0x08000128        0x0
 .glue_7        0x08000128        0x0 linker stubs

.glue_7t        0x08000128        0x0
 .glue_7t       0x08000128        0x0 linker stubs

.vfp11_veneer   0x08000128        0x0
 .vfp11_veneer  0x08000128        0x0 linker stubs

.v4_bx          0x08000128        0x0
 .v4_bx         0x08000128        0x0 linker stubs

.iplt           0x08000128        0x0
 .iplt          0x08000128        0x0 startup.o

.rel.dyn        0x08000128        0x0
 .rel.iplt      0x08000128        0x0 startup.o

.data           0x20000000        0x4 load address 0x08000128
                0x20000000                        S_data = .
 *(.data)
 .data          0x20000000        0x0 startup.o
 .data          0x20000000        0x4 app.o
                0x20000000                data_test
                0x20000004                        . = ALIGN (0x4)
                0x20000004                        E_data = .

.igot.plt       0x20000004        0x0 load address 0x0800012c
 .igot.plt      0x20000004        0x0 startup.o

.bss            0x20000004     0x1004 load address 0x0800012c
                0x20000004                        S_bss = .
 *(.bss)
 .bss           0x20000004        0x0 startup.o
 .bss           0x20000004        0x4 app.o
                0x20000004                bss_test
                0x20000008                        . = ALIGN (0x4)
                0x20000008                        E_bss = .
                0x20000008                        . = ALIGN (0x4)
                0x20001008                        . = (. + 0x1000)
 *fill*         0x20000008     0x1000 
                0x20001008                        stack_top = .
LOAD startup.o
LOAD app.o
OUTPUT(Lab.elf elf32-littlearm)
LOAD linker stubs

.debug_info     0x00000000      0x379
 .debug_info    0x00000000      0x1e7 startup.o
 .debug_info    0x000001e7      0x192 app.o

.debug_abbrev   0x00000000      0x1e6
 .debug_abbrev  0x00000000      0x105 startup.o
 .debug_abbrev  0x00000105       0xe1 app.o

.debug_loc      0x00000000       0xb4
 .debug_loc     0x00000000       0x7c startup.o
 .debug_loc     0x0000007c       0x38 app.o

.debug_aranges  0x00000000       0x40
 .debug_aranges
                0x00000000       0x20 startup.o
 .debug_aranges
                0x00000020       0x20 app.o

.debug_line     0x00000000      0x13e
 .debug_line    0x00000000       0xb6 startup.o
 .debug_line    0x000000b6       0x88 app.o

.debug_str      0x00000000      0x1c6
 .debug_str     0x00000000      0x189 startup.o
                                0x1d0 (size before relaxing)
 .debug_str     0x00000189       0x3d app.o
                                0x18a (size before relaxing)

.comment        0x00000000       0x55
 .comment       0x00000000       0x55 startup.o
                                 0x56 (size before relaxing)
 .comment       0x00000055       0x56 app.o

.ARM.attributes
                0x00000000       0x2d
 .ARM.attributes
                0x00000000       0x2d startup.o
 .ARM.attributes
                0x0000002d       0x2d app.o

.debug_frame    0x00000000       0x7c
 .debug_frame   0x00000000       0x50 startup.o
 .debug_frame   0x00000050       0x2c app.o
